structure Component1 =
struct
  datatype 'a B_t =
    B_t_T of 'a bar
  and 'a bar =
    Bar of 'a A_t
  and 'a A_t =
    A_t_T of 'a foo
  and 'a foo =
    Foo of 'a B_t
end
structure A =
struct
  type 'a foo = 'a Component1.foo
  type 'b B_t = 'b foo
  type 'a t = 'a Component1.A_t

end
structure B =
struct
  type 'a bar = 'a Component1.bar
  type 'b A_t = 'b bar
  type 'a t = 'a Component1.B_t

end