structure Component1 =
struct
  datatype B_a =
    B_a_B of int * A_a
  and B_c =
    B_c_C of string
  and A_a =
    A_a_B of int * B_a
  and A_c =
    A_c_C of string
  and d =
    real
end
structure Component2 =
struct datatype a = B of int * Component1.B_a and c = C of string and d = real end
structure Component3 = struct datatype no = No val showNo = fn No => "No" end
structure Component4 = struct datatype notthis = Blah | Bleargh end
structure Component5 =
struct datatype a = B of int * Component2.a and c = C of string end
structure Component6 =
struct datatype foo = Bar of bar | Hello and bar = Foo of foo | World end
structure Component7 =
struct datatype a = B of int * Component5.a and c = C of string and d = real end
structure Component8 = struct datatype northis = A | B end
structure Foo =
struct
  datatype foo = datatype Component6.foo
  datatype notthis = datatype Component4.notthis

end

structure Bar =
struct
  datatype bar = datatype Component6.bar
  datatype northis = datatype Component8.northis

end
datatype no = datatype Component3.no

structure A =
struct
  datatype a = datatype Component7.a
  datatype c = datatype Component7.c
  datatype d = datatype Component7.d

end

structure B =
struct datatype a = datatype Component5.a datatype c = datatype Component5.c end